../Core/Src/main.c:99:5:main	8	static
../Core/Src/main.c:156:6:SystemClock_Config	88	static
../Core/Src/main.c:206:13:MX_ADC1_Init	24	static
../Core/Src/main.c:258:13:MX_DAC_Init	16	static
../Core/Src/main.c:298:13:MX_I2C1_Init	8	static
../Core/Src/main.c:346:13:MX_I2C2_Init	8	static
../Core/Src/main.c:394:13:MX_SPI1_Init	8	static
../Core/Src/main.c:434:13:MX_SPI2_Init	8	static
../Core/Src/main.c:473:13:MX_TIM2_Init	40	static
../Core/Src/main.c:518:13:MX_UART4_Init	8	static
../Core/Src/main.c:553:13:MX_UART5_Init	8	static
../Core/Src/main.c:588:13:MX_USART3_UART_Init	8	static
../Core/Src/main.c:623:13:MX_USB_OTG_FS_PCD_Init	8	static
../Core/Src/main.c:656:13:MX_DMA_Init	16	static
../Core/Src/main.c:690:13:MX_GPIO_Init	56	static
../Core/Src/main.c:748:6:Error_Handler	4	static,ignoring_inline_asm
