../Core/Src/stm32f7xx_it.c:85:6:NMI_Handler	4	static
../Core/Src/stm32f7xx_it.c:100:6:HardFault_Handler	4	static
../Core/Src/stm32f7xx_it.c:115:6:MemManage_Handler	4	static
../Core/Src/stm32f7xx_it.c:130:6:BusFault_Handler	4	static
../Core/Src/stm32f7xx_it.c:145:6:UsageFault_Handler	4	static
../Core/Src/stm32f7xx_it.c:160:6:SVC_Handler	4	static
../Core/Src/stm32f7xx_it.c:173:6:DebugMon_Handler	4	static
../Core/Src/stm32f7xx_it.c:186:6:PendSV_Handler	4	static
../Core/Src/stm32f7xx_it.c:199:6:SysTick_Handler	8	static
../Core/Src/stm32f7xx_it.c:220:6:DMA1_Stream0_IRQHandler	8	static
../Core/Src/stm32f7xx_it.c:234:6:DMA1_Stream2_IRQHandler	8	static
../Core/Src/stm32f7xx_it.c:248:6:DMA1_Stream3_IRQHandler	8	static
../Core/Src/stm32f7xx_it.c:262:6:DMA1_Stream6_IRQHandler	8	static
../Core/Src/stm32f7xx_it.c:276:6:ADC_IRQHandler	8	static
../Core/Src/stm32f7xx_it.c:290:6:TIM2_IRQHandler	8	static
../Core/Src/stm32f7xx_it.c:304:6:I2C1_EV_IRQHandler	8	static
../Core/Src/stm32f7xx_it.c:318:6:I2C1_ER_IRQHandler	8	static
../Core/Src/stm32f7xx_it.c:332:6:I2C2_EV_IRQHandler	8	static
../Core/Src/stm32f7xx_it.c:346:6:I2C2_ER_IRQHandler	8	static
../Core/Src/stm32f7xx_it.c:360:6:SPI1_IRQHandler	8	static
../Core/Src/stm32f7xx_it.c:374:6:SPI2_IRQHandler	8	static
../Core/Src/stm32f7xx_it.c:388:6:USART3_IRQHandler	8	static
../Core/Src/stm32f7xx_it.c:402:6:EXTI15_10_IRQHandler	8	static
../Core/Src/stm32f7xx_it.c:416:6:DMA1_Stream7_IRQHandler	8	static
../Core/Src/stm32f7xx_it.c:430:6:UART4_IRQHandler	8	static
../Core/Src/stm32f7xx_it.c:444:6:UART5_IRQHandler	8	static
../Core/Src/stm32f7xx_it.c:458:6:TIM6_DAC_IRQHandler	8	static
../Core/Src/stm32f7xx_it.c:472:6:DMA2_Stream0_IRQHandler	8	static
../Core/Src/stm32f7xx_it.c:486:6:ETH_IRQHandler	8	static
../Core/Src/stm32f7xx_it.c:500:6:ETH_WKUP_IRQHandler	8	static
