../Core/Src/stm32f7xx_it.c:82:6:NMI_Handler	4	static
../Core/Src/stm32f7xx_it.c:97:6:HardFault_Handler	4	static
../Core/Src/stm32f7xx_it.c:112:6:MemManage_Handler	4	static
../Core/Src/stm32f7xx_it.c:127:6:BusFault_Handler	4	static
../Core/Src/stm32f7xx_it.c:142:6:UsageFault_Handler	4	static
../Core/Src/stm32f7xx_it.c:157:6:SVC_Handler	4	static
../Core/Src/stm32f7xx_it.c:170:6:DebugMon_Handler	4	static
../Core/Src/stm32f7xx_it.c:183:6:PendSV_Handler	4	static
../Core/Src/stm32f7xx_it.c:196:6:SysTick_Handler	8	static
../Core/Src/stm32f7xx_it.c:217:6:DMA1_Stream0_IRQHandler	8	static
../Core/Src/stm32f7xx_it.c:231:6:DMA1_Stream2_IRQHandler	8	static
../Core/Src/stm32f7xx_it.c:245:6:DMA1_Stream6_IRQHandler	8	static
../Core/Src/stm32f7xx_it.c:259:6:TIM2_IRQHandler	8	static
../Core/Src/stm32f7xx_it.c:273:6:I2C1_EV_IRQHandler	8	static
../Core/Src/stm32f7xx_it.c:287:6:I2C1_ER_IRQHandler	8	static
../Core/Src/stm32f7xx_it.c:301:6:I2C2_EV_IRQHandler	8	static
../Core/Src/stm32f7xx_it.c:315:6:I2C2_ER_IRQHandler	8	static
../Core/Src/stm32f7xx_it.c:329:6:SPI1_IRQHandler	8	static
../Core/Src/stm32f7xx_it.c:343:6:SPI2_IRQHandler	8	static
../Core/Src/stm32f7xx_it.c:357:6:USART3_IRQHandler	8	static
../Core/Src/stm32f7xx_it.c:371:6:EXTI15_10_IRQHandler	8	static
../Core/Src/stm32f7xx_it.c:385:6:DMA1_Stream7_IRQHandler	8	static
../Core/Src/stm32f7xx_it.c:399:6:UART4_IRQHandler	8	static
../Core/Src/stm32f7xx_it.c:413:6:UART5_IRQHandler	8	static
../Core/Src/stm32f7xx_it.c:427:6:TIM6_DAC_IRQHandler	8	static
../Core/Src/stm32f7xx_it.c:441:6:ETH_IRQHandler	8	static
